0 5 5 7 7 4 6 8 5 7 7 2 6 6 4 8 3 5 5 6 
5 0 8 7 2 5 1 8 4 6 8 3 3 7 5 3 6 8 10 6 
5 8 0 10 9 3 7 3 7 6 6 7 6 9 7 9 2 4 8 5 
7 7 10 0 5 8 6 7 7 7 10 9 10 8 3 4 9 9 4 5 
7 2 9 5 0 7 3 6 6 5 10 5 5 5 6 4 8 8 9 4 
4 5 3 8 7 0 4 4 9 3 3 6 5 9 8 6 1 3 7 6 
6 1 7 6 3 4 0 8 5 5 7 4 4 6 6 2 5 7 9 7 
8 8 3 7 6 4 8 0 10 7 7 10 9 6 4 10 5 6 9 2 
5 4 7 7 6 9 5 10 0 10 12 3 7 7 9 7 8 8 10 10 
7 6 6 7 5 3 5 7 10 0 6 9 8 8 5 3 4 6 4 7 
7 8 6 10 10 3 7 7 12 6 0 9 8 12 11 9 4 6 8 9 
2 3 7 9 5 6 4 10 3 9 9 0 4 4 6 6 5 5 7 8 
6 3 6 10 5 5 4 9 7 8 8 4 0 5 8 6 4 6 7 9 
6 7 9 8 5 9 6 6 7 8 12 4 5 0 6 8 8 6 4 4 
4 5 7 3 6 8 6 4 9 5 11 6 8 6 0 7 7 6 5 2 
8 3 9 4 4 6 2 10 7 3 9 6 6 8 7 0 7 9 7 8 
3 6 2 9 8 1 5 5 8 4 4 5 4 8 7 7 0 2 8 6 
5 8 4 9 8 3 7 6 8 6 6 5 6 6 6 9 2 0 10 4 
5 10 8 4 9 7 9 9 10 4 8 7 7 4 5 7 8 10 0 7 
6 6 5 5 4 6 7 2 10 7 9 8 9 4 2 8 6 4 7 0 