0 7 6 7 6 8 5 6 10 11 4 5 7 6 10
7 0 3 6 6 5 2 6 7 8 4 3 4 4 3
6 3 0 3 3 2 1 4 4 5 3 2 1 3 6
7 6 3 0 6 5 4 7 7 8 6 5 4 6 9
6 6 3 6 0 5 4 5 7 6 6 5 2 5 4
8 5 2 5 5 0 3 4 2 3 5 4 3 5 8
5 2 1 4 4 3 0 4 5 6 2 1 2 2 5
6 6 4 7 5 4 4 0 6 7 2 3 3 4 9
10 7 4 7 7 2 5 6 0 5 7 6 5 7 10
11 8 5 8 6 3 6 7 5 0 8 7 6 8 10
4 4 3 6 6 5 2 2 7 8 0 1 4 2 7
5 3 2 5 5 4 1 3 6 7 1 0 3 1 6
7 4 1 4 2 3 2 3 5 6 4 3 0 3 6
6 4 3 6 5 5 2 4 7 8 2 1 3 0 7
10 3 6 9 4 8 5 9 10 10 7 6 6 7 0