0 5 3 11 8 12 2 12 4 9 
5 0 5 12 4 14 3 13 8 14 
3 5 0 13 9 14 2 12 7 12 
11 12 13 0 8 14 11 7 7 6 
8 4 9 8 0 10 7 15 4 14 
12 14 14 14 10 0 14 7 8 10 
2 3 2 11 7 14 0 10 6 11 
12 13 12 7 15 7 10 0 14 3 
4 8 7 7 4 8 6 14 0 13 
9 14 12 6 14 10 11 3 13 0 