0 7 9 6 9 
7 0 8 3 6 
9 8 0 5 8 
6 3 5 0 3 
9 6 8 3 0 