0 5 4 8 7 4 6 
5 0 9 3 5 8 1 
4 9 0 9 11 8 10 
8 3 9 0 8 11 2 
7 5 11 8 0 3 6 
4 8 8 11 3 0 9 
6 1 10 2 6 9 0 