0 3 5 6 7 4 
3 0 5 3 4 5 
5 5 0 4 5 6 
6 3 4 0 1 2 
7 4 5 1 0 3 
4 5 6 2 3 0 